// Jest Snapshot v1, https://goo.gl/fbAQLP

exports[`renders correctly 1`] = `
<View
  accessibilityState={
    {
      "busy": undefined,
      "checked": undefined,
      "disabled": undefined,
      "expanded": undefined,
      "selected": undefined,
    }
  }
  accessibilityValue={
    {
      "max": undefined,
      "min": undefined,
      "now": undefined,
      "text": undefined,
    }
  }
  accessible={true}
  collapsable={false}
  focusable={true}
  onBlur={[Function]}
  onClick={[Function]}
  onFocus={[Function]}
  onResponderGrant={[Function]}
  onResponderMove={[Function]}
  onResponderRelease={[Function]}
  onResponderTerminate={[Function]}
  onResponderTerminationRequest={[Function]}
  onStartShouldSetResponder={[Function]}
  style={
    {
      "alignItems": "center",
      "backgroundColor": "#fff",
      "borderRadius": 5,
      "flexDirection": "row",
      "height": 80,
      "marginBottom": 10,
      "paddingHorizontal": 15,
      "width": "100%",
    }
  }
>
  <View
    style={
      {
        "flex": 1,
        "flexDirection": "row",
        "justifyContent": "space-between",
      }
    }
  >
    <View>
      <Text
        style={
          {
            "fontSize": 18,
            "fontWeight": "bold",
            "marginBottom": 5,
          }
        }
      >
        Jade
      </Text>
      <Text
        style={
          {
            "fontSize": 14,
            "opacity": 0.7,
          }
        }
      >
        Hello
      </Text>
    </View>
    <View>
      <Text
        style={
          {
            "opacity": 0.5,
          }
        }
      >
        9:49:37 PM
      </Text>
    </View>
  </View>
</View>
`;
